// Vitest Snapshot v1, https://vitest.dev/guide/snapshot.html

exports[`renders 1`] = `
<button
  class="sc-bdfCDU sc-gsTDqH bbePIP fTjNcL"
>
  Sign in
</button>
`;
