// Vitest Snapshot v1, https://vitest.dev/guide/snapshot.html

exports[`renders 1`] = `
<button
  aria-label="View Timer"
  class="sc-bcXGWu sc-gswPWN kBQwid duIhGY"
>
  <svg
    fill="currentColor"
    height="1em"
    stroke="currentColor"
    stroke-width="0"
    viewBox="0 0 24 24"
    width="1em"
    xmlns="http://www.w3.org/2000/svg"
  >
    <path
      d="M0 0h24v24H0z"
      fill="none"
    />
    <path
      d="M9 1h6v2H9zM19.03 7.39l1.42-1.42c-.43-.51-.9-.99-1.41-1.41l-1.42 1.42A8.962 8.962 0 0012 4a9 9 0 00-9 9c0 4.97 4.02 9 9 9a8.994 8.994 0 007.03-14.61zM13 14h-2V8h2v6z"
    />
  </svg>
</button>
`;
