// Jest Snapshot v1, https://goo.gl/fbAQLP

exports[`renders with data 1`] = `
<div
  className="sc-bdvvaa iodvJQ"
>
  <div
    className="recharts-responsive-container"
    style={
      Object {
        "height": "100%",
        "maxHeight": undefined,
        "minHeight": undefined,
        "minWidth": undefined,
        "width": "100%",
      }
    }
  />
</div>
`;

exports[`renders with no data 1`] = `
<div
  className="sc-gsDJrp bAPGAM"
>
  No performance graph to show yet!
</div>
`;
