// Jest Snapshot v1, https://goo.gl/fbAQLP

exports[`renders 1`] = `
<button
  className="sc-bdVaJa sc-bwzfXH cqtuLn"
  onClick={[Function]}
>
  Sign in
</button>
`;
