// Jest Snapshot v1, https://goo.gl/fbAQLP

exports[`renders 1`] = `
<button
  aria-label="View Graph"
  className="sc-bdfBQB sc-gsTEea gSdseo jGCERI"
  onClick={[Function]}
>
  <svg
    fill="currentColor"
    height="1em"
    stroke="currentColor"
    strokeWidth="0"
    style={
      Object {
        "color": undefined,
      }
    }
    viewBox="0 0 512 512"
    width="1em"
    xmlns="http://www.w3.org/2000/svg"
  >
    <path
      d="M176 64h64v384h-64zM80 336h64v112H80zM272 272h64v176h-64zM368 176h64v272h-64z"
    />
  </svg>
</button>
`;
